<tal:block tal:define="
	objects python:[c for c in here.getDmdRoot('Devices').getMonitoredComponents() if c.meta_type == 'snmpExtend'];
	tableName string: snmpCommands;
	batch python:here.ZenTableManager.getBatch(tableName,objects);
	exportFields python:[('getParentDeviceName','Device'), 
						 ('commandLine','Command'), 
						 ('nsExtendOutputFull','CommandResult')];">
<tal:block metal:use-macro="here/reportMacros/macros/exportableReport">
<tal:block metal:fill-slot="report">

<tal:block metal:use-macro="here/templates/macros/page1">
<tal:block metal:fill-slot="breadCrumbPane">
    <span metal:use-macro="here/miscmacros/macros/reportBreadCrumbsList"/>    
</tal:block>
<tal:block metal:fill-slot="contentPane">
	
<form method="POST" tal:attributes="action request/URL;"
			tal:define="tabletitle string:SNMP Commands;
                        showfilterbox python:True;
						tblcolspan string:5">
<tal:block metal:use-macro="here/zenuimacros/macros/zentable">
<tal:block metal:fill-slot="zentablecontents">

    <tr>
        <th tal:replace="structure python:here.ZenTableManager.getTableHeader(
                            tableName,'hostname','Device')"/>
        <th tal:replace="structure python:here.ZenTableManager.getTableHeader(
                            tableName,'commandLine','Command')"/>
        <th tal:replace="structure python:here.ZenTableManager.getTableHeader(
                            tableName,'nsExtendOutputFull','Command Result')"/>
    </tr>
    <tr tal:repeat="com batch">
        <td class="tablevalues"
          tal:content="structure com/getDeviceLink"/>
        <td class="tablevalues" tal:content="com/commandLine"/>
        <td class="tablevalues" tal:content="com/nsExtendOutputFull"/>
    </tr>
    <tr>
        <td colspan="5" class="tableheader" align='center'>
        <form metal:use-macro="here/zenTableNavigation/macros/navtool"/>
        </td>
    </tr>

</tal:block>
</tal:block>
</form>

</tal:block>
</tal:block>

</tal:block>
</tal:block>
</tal:block>
